error[E0277]: the trait bound `NotState: kubelet::state::State<PodState>` is not satisfied
  --> $DIR/next_must_be_state.rs:37:9
   |
37 |         Transition::next(self, NotState)
   |         ^^^^^^^^^^^^^^^^ the trait `kubelet::state::State<PodState>` is not implemented for `NotState`
   |
   = note: required by `kubelet::state::Transition::<S>::next`

error: aborting due to previous error

For more information about this error, try `rustc --explain E0277`.
